# Baseline PostgreSQL schema for gs_gss (v1.0.0-TP-0000)
# Source: gs-gss-21/src/main/resources/db/migration/V2__init.sql (+ role_type_mask merged into permissions.sql)
# Seed: gs-gss-21/src/main/resources/db/dev-seed/V3__gss_dev_seed.sql

000_init_schema.sql

currency_codes.sql
currencies.sql
menus.sql
permissions.sql
users.sql
roles.sql
role_permissions.sql
user_roles.sql
platforms.sql
platform_api_test_runs.sql
games.sql
game_history.sql
platform_games.sql
user_accessible_platforms.sql
user_suspensions.sql
action_logs.sql
gs_version.sql
shedlock.sql

currency-seed.sql
menu-seed.sql
permission-seed.sql
role-seed.sql
user-seed.sql
game-history-seed.sql

TCG-GS-version-v1.0.0.sql
